dataset pu0   ->  results/pu0/  figures/pu0/
  store        /home/xucapfwi/MSc_Thesis_SDIC/external/eventstore_ep006/ttbar_pu0_20250_20750_v2
  tune_store   /home/xucapfwi/MSc_Thesis_SDIC/external/eventstore_ep006/ttbar_pu0_20000_20050_v2
scanning working points on 100 events
  maskformer mask=0.05 obj=0.05: eff 0.396 pur 0.246
  maskformer mask=0.05 obj=0.1: eff 0.395 pur 0.250
  maskformer mask=0.05 obj=0.2: eff 0.388 pur 0.267
  maskformer mask=0.05 obj=0.3: eff 0.370 pur 0.287
  maskformer mask=0.05 obj=0.5: eff 0.300 pur 0.326
  maskformer mask=0.1 obj=0.05: eff 0.390 pur 0.248
  maskformer mask=0.1 obj=0.1: eff 0.390 pur 0.252
  maskformer mask=0.1 obj=0.2: eff 0.383 pur 0.270
  maskformer mask=0.1 obj=0.3: eff 0.364 pur 0.291
  maskformer mask=0.1 obj=0.5: eff 0.295 pur 0.331
  maskformer mask=0.15 obj=0.05: eff 0.388 pur 0.250
  maskformer mask=0.15 obj=0.1: eff 0.387 pur 0.254
  maskformer mask=0.15 obj=0.2: eff 0.380 pur 0.272
  maskformer mask=0.15 obj=0.3: eff 0.361 pur 0.293
  maskformer mask=0.15 obj=0.5: eff 0.293 pur 0.333
  maskformer mask=0.2 obj=0.05: eff 0.386 pur 0.251
  maskformer mask=0.2 obj=0.1: eff 0.385 pur 0.255
  maskformer mask=0.2 obj=0.2: eff 0.377 pur 0.273
  maskformer mask=0.2 obj=0.3: eff 0.359 pur 0.294
  maskformer mask=0.2 obj=0.5: eff 0.291 pur 0.335
  maskformer mask=0.3 obj=0.05: eff 0.383 pur 0.253
  maskformer mask=0.3 obj=0.1: eff 0.382 pur 0.257
  maskformer mask=0.3 obj=0.2: eff 0.374 pur 0.274
  maskformer mask=0.3 obj=0.3: eff 0.356 pur 0.296
  maskformer mask=0.3 obj=0.5: eff 0.289 pur 0.337
  maskformer mask=0.4 obj=0.05: eff 0.380 pur 0.254
  maskformer mask=0.4 obj=0.1: eff 0.379 pur 0.258
  maskformer mask=0.4 obj=0.2: eff 0.372 pur 0.276
  maskformer mask=0.4 obj=0.3: eff 0.353 pur 0.298
  maskformer mask=0.4 obj=0.5: eff 0.286 pur 0.339
  maskformer mask=0.5 obj=0.05: eff 0.378 pur 0.255
  maskformer mask=0.5 obj=0.1: eff 0.377 pur 0.259
  maskformer mask=0.5 obj=0.2: eff 0.369 pur 0.277
  maskformer mask=0.5 obj=0.3: eff 0.351 pur 0.300
  maskformer mask=0.5 obj=0.5: eff 0.284 pur 0.341
  maskformer mask=0.6 obj=0.05: eff 0.375 pur 0.256
  maskformer mask=0.6 obj=0.1: eff 0.375 pur 0.260
  maskformer mask=0.6 obj=0.2: eff 0.367 pur 0.278
  maskformer mask=0.6 obj=0.3: eff 0.349 pur 0.301
  maskformer mask=0.6 obj=0.5: eff 0.283 pur 0.343
  maskformer mask=0.7 obj=0.05: eff 0.373 pur 0.258
  maskformer mask=0.7 obj=0.1: eff 0.372 pur 0.262
  maskformer mask=0.7 obj=0.2: eff 0.364 pur 0.280
  maskformer mask=0.7 obj=0.3: eff 0.346 pur 0.303
  maskformer mask=0.7 obj=0.5: eff 0.280 pur 0.346
  clue rho_c x0.25: eff 0.365 pur 0.134
  clue rho_c x0.5: eff 0.348 pur 0.191
  clue rho_c x1.0: eff 0.315 pur 0.255
  clue rho_c x2.0: eff 0.252 pur 0.313
  clue rho_c x4.0: eff 0.179 pur 0.363

wrote /home/xucapfwi/MSc_Thesis_SDIC/results/pu0/wp_scan.parquet
      algo                 knob  efficiency  purity  mean_eff  fake_rate  clusters_per_event
maskformer mask 0.05 / obj 0.05       0.396   0.246     0.417      0.491             852.150
maskformer  mask 0.05 / obj 0.1       0.395   0.250     0.416      0.482             835.670
maskformer  mask 0.05 / obj 0.2       0.388   0.267     0.409      0.437             756.510
maskformer  mask 0.05 / obj 0.3       0.370   0.287     0.392      0.375             653.680
maskformer  mask 0.05 / obj 0.5       0.300   0.326     0.319      0.254             444.200
maskformer  mask 0.1 / obj 0.05       0.390   0.248     0.412      0.493             850.620
maskformer   mask 0.1 / obj 0.1       0.390   0.252     0.412      0.484             834.210
maskformer   mask 0.1 / obj 0.2       0.383   0.270     0.405      0.439             755.220
maskformer   mask 0.1 / obj 0.3       0.364   0.291     0.388      0.377             652.490
maskformer   mask 0.1 / obj 0.5       0.295   0.331     0.315      0.256             443.310
maskformer mask 0.15 / obj 0.05       0.388   0.250     0.410      0.493             849.620
maskformer  mask 0.15 / obj 0.1       0.387   0.254     0.410      0.484             833.250
maskformer  mask 0.15 / obj 0.2       0.380   0.272     0.403      0.439             754.430
maskformer  mask 0.15 / obj 0.3       0.361   0.293     0.385      0.378             651.900
maskformer  mask 0.15 / obj 0.5       0.293   0.333     0.313      0.257             442.920
maskformer  mask 0.2 / obj 0.05       0.386   0.251     0.409      0.494             848.740
maskformer   mask 0.2 / obj 0.1       0.385   0.255     0.408      0.485             832.390
maskformer   mask 0.2 / obj 0.2       0.377   0.273     0.401      0.440             753.800
maskformer   mask 0.2 / obj 0.3       0.359   0.294     0.383      0.379             651.330
maskformer   mask 0.2 / obj 0.5       0.291   0.335     0.312      0.258             442.590
maskformer  mask 0.3 / obj 0.05       0.383   0.253     0.406      0.494             847.790
maskformer   mask 0.3 / obj 0.1       0.382   0.257     0.406      0.485             831.440
maskformer   mask 0.3 / obj 0.2       0.374   0.274     0.399      0.441             753.060
maskformer   mask 0.3 / obj 0.3       0.356   0.296     0.381      0.380             650.710
maskformer   mask 0.3 / obj 0.5       0.289   0.337     0.309      0.260             442.150
maskformer  mask 0.4 / obj 0.05       0.380   0.254     0.404      0.495             846.550
maskformer   mask 0.4 / obj 0.1       0.379   0.258     0.403      0.486             830.270
maskformer   mask 0.4 / obj 0.2       0.372   0.276     0.396      0.442             752.090
maskformer   mask 0.4 / obj 0.3       0.353   0.298     0.379      0.381             649.880
maskformer   mask 0.4 / obj 0.5       0.286   0.339     0.307      0.261             441.640
maskformer  mask 0.5 / obj 0.05       0.378   0.255     0.402      0.495             845.740
maskformer   mask 0.5 / obj 0.1       0.377   0.259     0.402      0.486             829.470
maskformer   mask 0.5 / obj 0.2       0.369   0.277     0.395      0.442             751.380
maskformer   mask 0.5 / obj 0.3       0.351   0.300     0.377      0.381             649.280
maskformer   mask 0.5 / obj 0.5       0.284   0.341     0.306      0.261             441.250
maskformer  mask 0.6 / obj 0.05       0.375   0.256     0.401      0.495             844.650
maskformer   mask 0.6 / obj 0.1       0.375   0.260     0.400      0.486             828.400
maskformer   mask 0.6 / obj 0.2       0.367   0.278     0.393      0.443             750.410
maskformer   mask 0.6 / obj 0.3       0.349   0.301     0.375      0.382             648.480
maskformer   mask 0.6 / obj 0.5       0.283   0.343     0.304      0.262             440.730
maskformer  mask 0.7 / obj 0.05       0.373   0.258     0.398      0.496             843.120
maskformer   mask 0.7 / obj 0.1       0.372   0.262     0.398      0.487             827.010
maskformer   mask 0.7 / obj 0.2       0.364   0.280     0.390      0.443             749.190
maskformer   mask 0.7 / obj 0.3       0.346   0.303     0.373      0.382             647.490
maskformer   mask 0.7 / obj 0.5       0.280   0.346     0.302      0.263             440.030
      clue          rho_c x0.25       0.365   0.134     0.371      0.786            1697.950
      clue           rho_c x0.5       0.348   0.191     0.349      0.680            1022.020
      clue           rho_c x1.0       0.315   0.255     0.309      0.554             618.280
      clue           rho_c x2.0       0.252   0.313     0.244      0.428             372.930
      clue           rho_c x4.0       0.179   0.363     0.171      0.313             214.390
wrote /home/xucapfwi/MSc_Thesis_SDIC/figures/pu0/working_point_curve.pdf / .png
